// Vitest Snapshot v1, https://vitest.dev/guide/snapshot.html

exports[`Form model > jsonSchema should have correct validations 1`] = `
{
  "properties": {
    "createdAt": {
      "type": "string",
    },
    "description": {
      "type": "string",
    },
    "displayName": {
      "type": "string",
    },
    "fields": {
      "items": {
        "properties": {
          "key": {
            "minLength": 1,
            "type": "string",
          },
          "name": {
            "minLength": 1,
            "type": "string",
          },
          "options": {
            "type": "array",
          },
          "readonly": {
            "type": "boolean",
          },
          "required": {
            "type": "boolean",
          },
          "type": {
            "enum": [
              "string",
              "checkbox",
              "dropdown",
              "multiline",
              "date",
              "time",
              "datetime",
            ],
            "type": "string",
          },
        },
        "required": [
          "key",
          "name",
          "type",
        ],
        "type": "object",
      },
      "type": "array",
    },
    "id": {
      "format": "uuid",
      "type": "string",
    },
    "name": {
      "minLength": 1,
      "type": "string",
    },
    "responseMessage": {
      "type": "string",
    },
    "submitButtonText": {
      "type": "string",
    },
    "updatedAt": {
      "type": "string",
    },
  },
  "required": [
    "name",
  ],
  "type": "object",
}
`;
